C:\Users\Joa\AppData\Local\Programs\Python\Python314\Lib\site-packages\linebot\v3\webhooks\api\dummy.py:18: UserWarning: Core Pydantic V1 functionality isn't compatible with Python 3.14 or greater.
  from pydantic.v1 import validate_arguments, ValidationError
[DB] No DATABASE_URL found, using local SQLite (C:\Users\Joa\Downloads\MIRRA\backend\test.db)
Traceback (most recent call last):
  File "C:\Users\Joa\Downloads\MIRRA\backend\test_fix_comments.py", line 102, in <module>
    asyncio.run(main())
    ~~~~~~~~~~~^^^^^^^^
  File "C:\Users\Joa\AppData\Local\Programs\Python\Python314\Lib\asyncio\runners.py", line 204, in run
    return runner.run(main)
           ~~~~~~~~~~^^^^^^
  File "C:\Users\Joa\AppData\Local\Programs\Python\Python314\Lib\asyncio\runners.py", line 127, in run
    return self._loop.run_until_complete(task)
           ~~~~~~~~~~~~~~~~~~~~~~~~~~~~~^^^^^^
  File "C:\Users\Joa\AppData\Local\Programs\Python\Python314\Lib\asyncio\base_events.py", line 719, in run_until_complete
    return future.result()
           ~~~~~~~~~~~~~^^
  File "C:\Users\Joa\Downloads\MIRRA\backend\test_fix_comments.py", line 35, in main
    print("\U0001f916 Initializing LineBotService for Verification...")
    ~~~~~^^^^^^^^^^^^^^^^^^^^^^^^^^^^^^^^^^^^^^^^^^^^^^^^^^^^^^
UnicodeEncodeError: 'cp950' codec can't encode character '\U0001f916' in position 0: illegal multibyte sequence
